\BOOKMARK [1][-]{section.1}{\376\377\004\027\004\060\004\107\004\065\004\074\000\040\000R\000L\000\040\040\024\000\040\004\070\000\040\004\107\004\065\004\074\000\040\004\076\004\075\000\040\004\076\004\102\004\073\004\070\004\107\004\060\004\065\004\102\004\101\004\117\000\040\004\076\004\102\000\040\004\076\004\061\004\113\004\107\004\075\004\076\004\063\004\076\000\040\000M\000L}{}% 1
\BOOKMARK [1][-]{section.2}{\376\377\004\034\004\060\004\100\004\072\004\076\004\062\004\101\004\072\004\070\004\071\000\040\004\077\004\100\004\076\004\106\004\065\004\101\004\101\000\040\004\077\004\100\004\070\004\075\004\117\004\102\004\070\004\117\000\040\004\100\004\065\004\110\004\065\004\075\004\070\004\071\000\040\000\050\000M\000D\000P\000\051}{}% 2
\BOOKMARK [2][-]{subsection.2.1}{\376\377\004\032\004\060\004\072\000\040\004\115\004\102\004\076\000\040\004\062\004\113\004\063\004\073\004\117\004\064\004\070\004\102\000\040\004\075\004\060\000\040\004\077\004\100\004\060\004\072\004\102\004\070\004\072\004\065}{section.2}% 3
\BOOKMARK [2][-]{subsection.2.2}{\376\377\004\037\004\100\004\070\004\074\004\065\004\100\000\040\004\070\004\067\000\040\004\075\004\060\004\110\004\065\004\071\000\040\004\100\004\060\004\061\004\076\004\102\004\113}{section.2}% 4
\BOOKMARK [1][-]{section.3}{\376\377\004\037\004\076\004\073\004\070\004\102\004\070\004\072\004\060\000\040\004\070\000\040\004\104\004\103\004\075\004\072\004\106\004\070\004\070\000\040\004\106\004\065\004\075\004\075\004\076\004\101\004\102\004\070}{}% 5
\BOOKMARK [2][-]{subsection.3.1}{\376\377\004\037\004\076\004\073\004\070\004\102\004\070\004\072\004\060}{section.3}% 6
\BOOKMARK [2][-]{subsection.3.2}{\376\377\004\041\004\103\004\074\004\074\004\060\004\100\004\075\004\060\004\117\000\040\004\064\004\070\004\101\004\072\004\076\004\075\004\102\004\070\004\100\004\076\004\062\004\060\004\075\004\075\004\060\004\117\000\040\004\076\004\102\004\064\004\060\004\107\004\060}{section.3}% 7
\BOOKMARK [2][-]{subsection.3.3}{\376\377\004\044\004\103\004\075\004\072\004\106\004\070\004\117\000\040\004\106\004\065\004\075\004\075\004\076\004\101\004\102\004\070\000\040\004\101\004\076\004\101\004\102\004\076\004\117\004\075\004\070\004\117}{section.3}% 8
\BOOKMARK [2][-]{subsection.3.4}{\376\377\004\044\004\103\004\075\004\072\004\106\004\070\004\117\000\040\004\106\004\065\004\075\004\075\004\076\004\101\004\102\004\070\000\040\004\064\004\065\004\071\004\101\004\102\004\062\004\070\004\117\000\040\000\050\000Q\000-\004\104\004\103\004\075\004\072\004\106\004\070\004\117\000\051}{section.3}% 9
\BOOKMARK [2][-]{subsection.3.5}{\376\377\004\036\004\077\004\102\004\070\004\074\004\060\004\073\004\114\004\075\004\113\004\065\000\040\004\104\004\103\004\075\004\072\004\106\004\070\004\070\000\040\004\106\004\065\004\075\004\075\004\076\004\101\004\102\004\070}{section.3}% 10
\BOOKMARK [1][-]{section.4}{\376\377\004\043\004\100\004\060\004\062\004\075\004\065\004\075\004\070\004\117\000\040\004\021\004\065\004\073\004\073\004\074\004\060\004\075\004\060}{}% 11
\BOOKMARK [2][-]{subsection.4.1}{\376\377\004\043\004\100\004\060\004\062\004\075\004\065\004\075\004\070\004\065\000\040\004\021\004\065\004\073\004\073\004\074\004\060\004\075\004\060\000\040\004\064\004\073\004\117\000\040\000Q}{section.4}% 12
\BOOKMARK [2][-]{subsection.4.2}{\376\377\004\036\004\077\004\102\004\070\004\074\004\060\004\073\004\114\004\075\004\076\004\065\000\040\004\103\004\100\004\060\004\062\004\075\004\065\004\075\004\070\004\065\000\040\004\021\004\065\004\073\004\073\004\074\004\060\004\075\004\060}{section.4}% 13
\BOOKMARK [1][-]{section.5}{\376\377\004\042\004\060\004\061\004\073\004\070\004\107\004\075\004\076\004\065\000\040\000Q\000-\004\076\004\061\004\103\004\107\004\065\004\075\004\070\004\065}{}% 14
\BOOKMARK [2][-]{subsection.5.1}{\376\377\000T\000D\000-\004\076\004\110\004\070\004\061\004\072\004\060}{section.5}% 15
\BOOKMARK [2][-]{subsection.5.2}{\376\377\004\041\004\105\004\076\004\064\004\070\004\074\004\076\004\101\004\102\004\114\000\040\004\070\000\040\004\076\004\063\004\100\004\060\004\075\004\070\004\107\004\065\004\075\004\070\004\117}{section.5}% 16
\BOOKMARK [1][-]{section.6}{\376\377\000D\000e\000e\000p\000\040\000Q\000-\000N\000e\000t\000w\000o\000r\000k\000\040\000\050\000D\000Q\000N\000\051}{}% 17
\BOOKMARK [2][-]{subsection.6.1}{\376\377\004\035\004\065\004\071\004\100\004\076\004\101\004\065\004\102\004\114\000\040\004\062\004\074\004\065\004\101\004\102\004\076\000\040\004\102\004\060\004\061\004\073\004\070\004\106\004\113}{section.6}% 18
\BOOKMARK [2][-]{subsection.6.2}{\376\377\004\037\004\100\004\076\004\061\004\073\004\065\004\074\004\060\000\040\0001\000:\000\040\004\072\004\076\004\100\004\100\004\065\004\073\004\117\004\106\004\070\004\117\000\040\004\062\000\040\004\076\004\075\004\073\004\060\004\071\004\075\000-\004\076\004\061\004\103\004\107\004\065\004\075\004\070\004\070}{section.6}% 19
\BOOKMARK [2][-]{subsection.6.3}{\376\377\004\037\004\100\004\076\004\061\004\073\004\065\004\074\004\060\000\040\0002\000:\000\040\004\075\004\065\004\101\004\102\004\060\004\061\004\070\004\073\004\114\004\075\004\076\004\101\004\102\004\114\000\040\000T\000D\000-\004\106\004\065\004\073\004\070}{section.6}% 20
\BOOKMARK [2][-]{subsection.6.4}{\376\377\004\037\004\100\004\076\004\061\004\073\004\065\004\074\004\060\000\040\0003\000:\000\040\004\070\004\101\004\101\004\073\004\065\004\064\004\076\004\062\004\060\004\075\004\070\004\065\000\040\004\101\004\100\004\065\004\064\004\113}{section.6}% 21
\BOOKMARK [2][-]{subsection.6.5}{\376\377\004\034\004\060\004\101\004\072\004\070\004\100\004\076\004\062\004\072\004\060\000\040\004\075\004\065\004\073\004\065\004\063\004\060\004\073\004\114\004\075\004\113\004\105\000\040\004\064\004\065\004\071\004\101\004\102\004\062\004\070\004\071}{section.6}% 22
\BOOKMARK [2][-]{subsection.6.6}{\376\377\004\030\004\102\004\076\004\063\004\076\004\062\004\113\004\071\000\040\004\060\004\073\004\063\004\076\004\100\004\070\004\102\004\074\000\040\000D\000Q\000N}{section.6}% 23
\BOOKMARK [1][-]{section.7}{\376\377\000S\000e\000l\000f\000-\000P\000l\000a\000y}{}% 24
\BOOKMARK [2][-]{subsection.7.1}{\376\377\004\030\004\064\004\065\004\117}{section.7}% 25
\BOOKMARK [2][-]{subsection.7.2}{\376\377\004\036\004\064\004\075\004\060\000\040\004\101\004\065\004\102\004\114\000\040\004\064\004\073\004\117\000\040\004\076\004\061\004\076\004\070\004\105\000\040\004\070\004\063\004\100\004\076\004\072\004\076\004\062}{section.7}% 26
\BOOKMARK [2][-]{subsection.7.3}{\376\377\000N\000e\000g\000a\000m\000a\000x\000\040\000b\000o\000o\000t\000s\000t\000r\000a\000p\000p\000i\000n\000g}{section.7}% 27
\BOOKMARK [2][-]{subsection.7.4}{\376\377\004\035\004\065\004\101\004\102\004\060\004\106\004\070\004\076\004\075\004\060\004\100\004\075\004\076\004\101\004\102\004\114}{section.7}% 28
\BOOKMARK [1][-]{section.8}{\376\377\000P\000r\000i\000o\000r\000i\000t\000i\000z\000e\000d\000\040\000E\000x\000p\000e\000r\000i\000e\000n\000c\000e\000\040\000R\000e\000p\000l\000a\000y\000\040\000\050\000P\000E\000R\000\051}{}% 29
\BOOKMARK [2][-]{subsection.8.1}{\376\377\004\034\004\076\004\102\004\070\004\062\004\060\004\106\004\070\004\117}{section.8}% 30
\BOOKMARK [2][-]{subsection.8.2}{\376\377\004\044\004\076\004\100\004\074\004\103\004\073\004\060\000\040\004\077\004\100\004\070\004\076\004\100\004\070\004\102\004\065\004\102\004\076\004\062}{section.8}% 31
\BOOKMARK [2][-]{subsection.8.3}{\376\377\004\037\004\060\004\100\004\060\004\074\004\065\004\102\004\100\000\040\000\040\040\024\000\040\004\063\004\073\004\060\004\062\004\075\004\113\004\071\000\040\004\077\004\100\004\065\004\064\004\074\004\065\004\102\000\040\004\070\004\101\004\101\004\073\004\065\004\064\004\076\004\062\004\060\004\075\004\070\004\117}{section.8}% 32
\BOOKMARK [2][-]{subsection.8.4}{\376\377\004\037\004\100\004\076\004\061\004\073\004\065\004\074\004\060\000\040\004\101\004\074\004\065\004\111\004\065\004\075\004\070\004\117\000\040\000\050\000b\000i\000a\000s\000\051\000\040\004\070\000\040\000I\000S\000-\004\072\004\076\004\100\004\100\004\065\004\072\004\106\004\070\004\117}{section.8}% 33
\BOOKMARK [2][-]{subsection.8.5}{\376\377\004\037\004\060\004\100\004\060\004\074\004\065\004\102\004\100\000\040\000\040\040\024\000\040\004\101\004\102\004\065\004\077\004\065\004\075\004\114\000\040\004\072\004\076\004\100\004\100\004\065\004\072\004\106\004\070\004\070}{section.8}% 34
\BOOKMARK [2][-]{subsection.8.6}{\376\377\004\037\004\076\004\073\004\075\004\113\004\071\000\040\004\060\004\073\004\063\004\076\004\100\004\070\004\102\004\074\000\040\000P\000E\000R}{section.8}% 35
\BOOKMARK [1][-]{section.9}{\376\377\004\022\004\101\004\121\000\040\004\062\004\074\004\065\004\101\004\102\004\065\000:\000\040\004\107\004\102\004\076\000\040\004\070\000\040\004\067\004\060\004\107\004\065\004\074\000\040\004\062\000\040\004\075\004\060\004\110\004\065\004\071\000\040\004\100\004\060\004\061\004\076\004\102\004\065}{}% 36
\BOOKMARK [2][-]{subsection.9.1}{\376\377\004\037\004\076\004\073\004\075\004\113\004\071\000\040\000p\000i\000p\000e\000l\000i\000n\000e}{section.9}% 37
\BOOKMARK [2][-]{subsection.9.2}{\376\377\004\047\004\102\004\076\000\040\004\070\004\074\004\065\004\075\004\075\004\076\000\040\004\070\004\101\004\101\004\073\004\065\004\064\004\103\004\065\004\102\004\101\004\117}{section.9}% 38
\BOOKMARK [2][-]{subsection.9.3}{\376\377\004\023\004\070\004\077\004\076\004\102\004\065\004\067\004\060\000\040\004\076\000\040\004\075\004\065\004\101\004\102\004\060\004\106\004\070\004\076\004\075\004\060\004\100\004\075\004\076\004\101\004\102\004\070}{section.9}% 39
\BOOKMARK [2][-]{subsection.9.4}{\376\377\004\034\004\065\004\102\004\100\004\070\004\072\004\060\000\040\004\070\000\040\004\076\004\106\004\065\004\075\004\072\004\060}{section.9}% 40
